DEBUG uv 0.9.27 (b5797b2ab 2026-01-26)
DEBUG Marking explicit source tree for reinstall: `/home/shora/Research/old/NGFACO/src`
DEBUG Acquired shared lock for `/home/shora/.cache/uv`
DEBUG Searching for default Python interpreter in virtual environments
DEBUG Found `cpython-3.13.11-linux-x86_64-gnu` at `/home/shora/Research/old/NGFACO/.venv/bin/python3` (virtual environment)
DEBUG Using Python 3.13.11 environment at: .venv
DEBUG Acquired exclusive lock for `.venv`
DEBUG Using request timeout of 30s
DEBUG No `pyproject.toml` available for: file:///home/shora/Research/old/NGFACO/src
DEBUG Acquired exclusive lock for `/home/shora/.cache/uv/sdists-v9/editable/0f17ca3b3d3a9945`
DEBUG Computed cache info: Timestamp(SystemTime { tv_sec: 1769649618, tv_nsec: 92404771 }), None, None, {}, {"src": None}. Most recently modified: src/setup.py
DEBUG Preparing metadata for: file:///home/shora/Research/old/NGFACO/src
DEBUG Assessing Python executable as base candidate: /home/shora/.local/share/uv/python/cpython-3.13.11-linux-x86_64-gnu/bin/python3.13
DEBUG Proceeding without build isolation
DEBUG Locking the source tree for setuptools
DEBUG Acquired exclusive lock for `/home/shora/Research/old/NGFACO/src`
DEBUG Calling `setuptools.build_meta:__legacy__.prepare_metadata_for_build_editable()`
DEBUG running dist_info
DEBUG creating /home/shora/.cache/uv/builds-v0/.tmp2pG56C/metadata_directory/faco_opt.egg-info
DEBUG writing /home/shora/.cache/uv/builds-v0/.tmp2pG56C/metadata_directory/faco_opt.egg-info/PKG-INFO
DEBUG writing dependency_links to /home/shora/.cache/uv/builds-v0/.tmp2pG56C/metadata_directory/faco_opt.egg-info/dependency_links.txt
DEBUG writing top-level names to /home/shora/.cache/uv/builds-v0/.tmp2pG56C/metadata_directory/faco_opt.egg-info/top_level.txt
DEBUG writing manifest file '/home/shora/.cache/uv/builds-v0/.tmp2pG56C/metadata_directory/faco_opt.egg-info/SOURCES.txt'
DEBUG reading manifest file '/home/shora/.cache/uv/builds-v0/.tmp2pG56C/metadata_directory/faco_opt.egg-info/SOURCES.txt'
DEBUG writing manifest file '/home/shora/.cache/uv/builds-v0/.tmp2pG56C/metadata_directory/faco_opt.egg-info/SOURCES.txt'
DEBUG creating '/home/shora/.cache/uv/builds-v0/.tmp2pG56C/metadata_directory/faco_opt-1.0.0.dist-info'
DEBUG Released lock at `/tmp/uv-setuptools-cfd0083a2be35f49.lock`
DEBUG Prepared metadata for: file:///home/shora/Research/old/NGFACO/src
DEBUG Released lock at `/home/shora/.cache/uv/sdists-v9/editable/0f17ca3b3d3a9945/.lock`
DEBUG Solving with installed Python version: 3.13.11
DEBUG Solving with target Python version: >=3.13.11
DEBUG Adding direct dependency: faco-opt*
DEBUG Searching for a compatible version of faco-opt @ file:///home/shora/Research/old/NGFACO/src (*)
DEBUG Tried 1 versions: faco-opt 1
DEBUG marker environment resolution took 0.000s
Resolved 1 package in 130ms
DEBUG Must revalidate requirement: faco-opt
DEBUG Unnecessary package: send2trash==1.8.3
DEBUG Unnecessary package: aiohappyeyeballs==2.6.1
DEBUG Unnecessary package: aiohttp==3.13.2
DEBUG Unnecessary package: aiosignal==1.4.0
DEBUG Unnecessary package: annotated-types==0.7.0
DEBUG Unnecessary package: ansicolors==1.1.8
DEBUG Unnecessary package: anyio==4.12.0
DEBUG Unnecessary package: argon2-cffi==25.1.0
DEBUG Unnecessary package: argon2-cffi-bindings==25.1.0
DEBUG Unnecessary package: arrow==1.4.0
DEBUG Unnecessary package: asttokens==3.0.1
DEBUG Unnecessary package: async-lru==2.0.5
DEBUG Unnecessary package: attrs==25.4.0
DEBUG Unnecessary package: babel==2.17.0
DEBUG Unnecessary package: beautifulsoup4==4.14.3
DEBUG Unnecessary package: bleach==6.3.0
DEBUG Unnecessary package: certifi==2025.11.12
DEBUG Unnecessary package: cffi==2.0.0
DEBUG Unnecessary package: charset-normalizer==3.4.4
DEBUG Unnecessary package: click==8.3.1
DEBUG Unnecessary package: comm==0.2.3
DEBUG Unnecessary package: contourpy==1.3.3
DEBUG Unnecessary package: cycler==0.12.1
DEBUG Unnecessary package: d2l==0.17.0
DEBUG Unnecessary package: debugpy==1.8.19
DEBUG Unnecessary package: decorator==5.2.1
DEBUG Unnecessary package: defusedxml==0.7.1
DEBUG Unnecessary package: entrypoints==0.4
DEBUG Unnecessary package: executing==2.2.1
DEBUG Unnecessary package: faco-cvrp==0.1.0 (from file:///home/shora/Research/old/NGFACO/cvrp/src)
DEBUG Unnecessary package: faco-tsp==0.1.0 (from file:///home/shora/Research/old/NGFACO/tsp/src)
DEBUG Unnecessary package: fastjsonschema==2.21.2
DEBUG Unnecessary package: filelock==3.20.3
DEBUG Unnecessary package: fonttools==4.61.1
DEBUG Unnecessary package: fqdn==1.5.1
DEBUG Unnecessary package: frozenlist==1.8.0
DEBUG Unnecessary package: fsspec==2025.12.0
DEBUG Unnecessary package: gitdb==4.0.12
DEBUG Unnecessary package: gitpython==3.1.45
DEBUG Unnecessary package: h11==0.16.0
DEBUG Unnecessary package: httpcore==1.0.9
DEBUG Unnecessary package: httpx==0.28.1
DEBUG Unnecessary package: hygese==0.0.0.10
DEBUG Unnecessary package: idna==3.11
DEBUG Unnecessary package: ipykernel==7.1.0
DEBUG Unnecessary package: ipython==9.8.0
DEBUG Unnecessary package: ipython-pygments-lexers==1.1.1
DEBUG Unnecessary package: ipywidgets==8.1.8
DEBUG Unnecessary package: isoduration==20.11.0
DEBUG Unnecessary package: jedi==0.19.2
DEBUG Unnecessary package: jinja2==3.1.6
DEBUG Unnecessary package: json5==0.12.1
DEBUG Unnecessary package: jsonpointer==3.0.0
DEBUG Unnecessary package: jsonschema==4.25.1
DEBUG Unnecessary package: jsonschema-specifications==2025.9.1
DEBUG Unnecessary package: jupyter==1.1.1
DEBUG Unnecessary package: jupyter-client==8.7.0
DEBUG Unnecessary package: jupyter-console==6.6.3
DEBUG Unnecessary package: jupyter-core==5.9.1
DEBUG Unnecessary package: jupyter-events==0.12.0
DEBUG Unnecessary package: jupyter-lsp==2.3.0
DEBUG Unnecessary package: jupyter-server==2.17.0
DEBUG Unnecessary package: jupyter-server-terminals==0.5.3
DEBUG Unnecessary package: jupyterlab==4.5.1
DEBUG Unnecessary package: jupyterlab-pygments==0.3.0
DEBUG Unnecessary package: jupyterlab-server==2.28.0
DEBUG Unnecessary package: jupyterlab-widgets==3.0.16
DEBUG Unnecessary package: kiwisolver==1.4.9
DEBUG Unnecessary package: lark==1.3.1
DEBUG Unnecessary package: llvmlite==0.46.0
DEBUG Unnecessary package: markupsafe==3.0.3
DEBUG Unnecessary package: matplotlib==3.10.8
DEBUG Unnecessary package: matplotlib-inline==0.2.1
DEBUG Unnecessary package: mistune==3.2.0
DEBUG Unnecessary package: mpmath==1.3.0
DEBUG Unnecessary package: multidict==6.7.0
DEBUG Unnecessary package: nbclient==0.10.4
DEBUG Unnecessary package: nbconvert==7.16.6
DEBUG Unnecessary package: nbformat==5.10.4
DEBUG Unnecessary package: nest-asyncio==1.6.0
DEBUG Unnecessary package: networkx==3.6.1
DEBUG Unnecessary package: notebook==7.5.1
DEBUG Unnecessary package: notebook-shim==0.2.4
DEBUG Unnecessary package: numba==0.63.1
DEBUG Unnecessary package: numpy==2.3.5
DEBUG Unnecessary package: packaging==25.0
DEBUG Unnecessary package: pandas==2.3.3
DEBUG Unnecessary package: pandocfilters==1.5.1
DEBUG Unnecessary package: papermill==2.6.0
DEBUG Unnecessary package: parso==0.8.5
DEBUG Unnecessary package: pexpect==4.9.0
DEBUG Unnecessary package: pillow==12.0.0
DEBUG Unnecessary package: pip==25.3
DEBUG Unnecessary package: platformdirs==4.5.1
DEBUG Unnecessary package: prometheus-client==0.23.1
DEBUG Unnecessary package: prompt-toolkit==3.0.52
DEBUG Unnecessary package: propcache==0.4.1
DEBUG Unnecessary package: protobuf==6.33.2
DEBUG Unnecessary package: psutil==7.2.0
DEBUG Unnecessary package: ptyprocess==0.7.0
DEBUG Unnecessary package: pure-eval==0.2.3
DEBUG Unnecessary package: pybind11==3.0.1
DEBUG Unnecessary package: pycparser==2.23
DEBUG Unnecessary package: pydantic==2.12.5
DEBUG Unnecessary package: pydantic-core==2.41.5
DEBUG Unnecessary package: pygments==2.19.2
DEBUG Unnecessary package: pyparsing==3.3.1
DEBUG Unnecessary package: python-dateutil==2.9.0.post0
DEBUG Unnecessary package: python-json-logger==4.0.0
DEBUG Unnecessary package: pytorch-triton-rocm==3.5.0+gitbbb06c03
DEBUG Unnecessary package: pytz==2025.2
DEBUG Unnecessary package: pyyaml==6.0.3
DEBUG Unnecessary package: pyzmq==27.1.0
DEBUG Unnecessary package: referencing==0.37.0
DEBUG Unnecessary package: requests==2.32.5
DEBUG Unnecessary package: rfc3339-validator==0.1.4
DEBUG Unnecessary package: rfc3986-validator==0.1.1
DEBUG Unnecessary package: rfc3987-syntax==1.1.0
DEBUG Unnecessary package: rpds-py==0.30.0
DEBUG Unnecessary package: seaborn==0.13.2
DEBUG Unnecessary package: sentry-sdk==2.48.0
DEBUG Unnecessary package: setuptools==80.9.0
DEBUG Unnecessary package: six==1.17.0
DEBUG Unnecessary package: smmap==5.0.2
DEBUG Unnecessary package: soupsieve==2.8.1
DEBUG Unnecessary package: stack-data==0.6.3
DEBUG Unnecessary package: sympy==1.14.0
DEBUG Unnecessary package: tenacity==9.1.2
DEBUG Unnecessary package: terminado==0.18.1
DEBUG Unnecessary package: tinycss2==1.4.0
DEBUG Unnecessary package: torch==2.10.0.dev20250926+rocm6.3
DEBUG Unnecessary package: torch-geometric==2.7.0
DEBUG Unnecessary package: torchvision==0.25.0.dev20250929+rocm6.3
DEBUG Unnecessary package: tornado==6.5.4
DEBUG Unnecessary package: tqdm==4.67.1
DEBUG Unnecessary package: traitlets==5.14.3
DEBUG Unnecessary package: typing-extensions==4.15.0
DEBUG Unnecessary package: typing-inspection==0.4.2
DEBUG Unnecessary package: tzdata==2025.3
DEBUG Unnecessary package: uri-template==1.3.0
DEBUG Unnecessary package: urllib3==2.6.2
DEBUG Unnecessary package: wandb==0.23.1
DEBUG Unnecessary package: wcwidth==0.2.14
DEBUG Unnecessary package: webcolors==25.10.0
DEBUG Unnecessary package: webencodings==0.5.1
DEBUG Unnecessary package: websocket-client==1.9.0
DEBUG Unnecessary package: widgetsnbextension==4.0.15
DEBUG Unnecessary package: xxhash==3.6.0
DEBUG Unnecessary package: yarl==1.22.0
DEBUG Acquired exclusive lock for `/home/shora/.cache/uv/sdists-v9/editable/0f17ca3b3d3a9945`
DEBUG Computed cache info: Timestamp(SystemTime { tv_sec: 1769649618, tv_nsec: 92404771 }), None, None, {}, {"src": None}. Most recently modified: src/setup.py
   Building faco-opt @ file:///home/shora/Research/old/NGFACO/src
DEBUG Building: faco-opt @ file:///home/shora/Research/old/NGFACO/src
DEBUG Not using uv build backend direct build for source tree `faco-opt @ file:///home/shora/Research/old/NGFACO/src`, failed to parse pyproject.toml: failed to open file `/home/shora/Research/old/NGFACO/src/pyproject.toml`: No such file or directory (os error 2)
DEBUG Assessing Python executable as base candidate: /home/shora/.local/share/uv/python/cpython-3.13.11-linux-x86_64-gnu/bin/python3.13
DEBUG Creating build environment for: faco-opt @ file:///home/shora/Research/old/NGFACO/src
DEBUG Locking the source tree for setuptools
DEBUG Acquired exclusive lock for `/home/shora/Research/old/NGFACO/src`
DEBUG Calling `setuptools.build_meta:__legacy__.build_editable("/home/shora/.cache/uv/builds-v0/.tmp0hzTlA", {}, "/home/shora/.cache/uv/builds-v0/.tmp2pG56C/metadata_directory/faco_opt-1.0.0.dist-info")`
DEBUG running editable_wheel
DEBUG creating /home/shora/.cache/uv/builds-v0/.tmp0hzTlA/.tmp-11q2pxrn/faco_opt.egg-info
DEBUG writing /home/shora/.cache/uv/builds-v0/.tmp0hzTlA/.tmp-11q2pxrn/faco_opt.egg-info/PKG-INFO
DEBUG writing dependency_links to /home/shora/.cache/uv/builds-v0/.tmp0hzTlA/.tmp-11q2pxrn/faco_opt.egg-info/dependency_links.txt
DEBUG writing top-level names to /home/shora/.cache/uv/builds-v0/.tmp0hzTlA/.tmp-11q2pxrn/faco_opt.egg-info/top_level.txt
DEBUG writing manifest file '/home/shora/.cache/uv/builds-v0/.tmp0hzTlA/.tmp-11q2pxrn/faco_opt.egg-info/SOURCES.txt'
DEBUG reading manifest file '/home/shora/.cache/uv/builds-v0/.tmp0hzTlA/.tmp-11q2pxrn/faco_opt.egg-info/SOURCES.txt'
DEBUG writing manifest file '/home/shora/.cache/uv/builds-v0/.tmp0hzTlA/.tmp-11q2pxrn/faco_opt.egg-info/SOURCES.txt'
DEBUG creating '/home/shora/.cache/uv/builds-v0/.tmp0hzTlA/.tmp-11q2pxrn/faco_opt-1.0.0.dist-info'
DEBUG creating /home/shora/.cache/uv/builds-v0/.tmp0hzTlA/.tmp-11q2pxrn/faco_opt-1.0.0.dist-info/WHEEL
DEBUG running build_ext
DEBUG building 'faco_opt' extension
DEBUG c++ -pthread -fno-strict-overflow -Wsign-compare -Wunreachable-code -DNDEBUG -g -O3 -Wall -O3 -fPIC -fPIC -I/home/shora/Research/old/NGFACO/.venv/lib/python3.13/site-packages/pybind11/include -I. -I/home/shora/Research/old/NGFACO/.venv/include -I/home/shora/.local/share/uv/python/cpython-3.13.11-linux-x86_64-gnu/include/python3.13 -c binding.cpp -o /tmp/tmp38fr2uxw.build-temp/binding.o -O3 -std=c++17 -fopenmp
DEBUG c++ -pthread -fno-strict-overflow -Wsign-compare -Wunreachable-code -DNDEBUG -g -O3 -Wall -O3 -fPIC -fPIC -I/home/shora/Research/old/NGFACO/.venv/lib/python3.13/site-packages/pybind11/include -I. -I/home/shora/Research/old/NGFACO/.venv/include -I/home/shora/.local/share/uv/python/cpython-3.13.11-linux-x86_64-gnu/include/python3.13 -c mfaco_train.cpp -o /tmp/tmp38fr2uxw.build-temp/mfaco_train.o -O3 -std=c++17 -fopenmp
DEBUG In file included from mfaco_train.cpp:5:
DEBUG mfaco_train.h: In constructor ‘mfaco::MFACO_TSP::MFACO_TSP(const float*, int32_t, int32_t, int32_t, int32_t, int32_t, float, float, float, bool, bool, bool, bool, int32_t, bool)’:
DEBUG mfaco_train.h:215:8: warning: ‘mfaco::MFACO_TSP::disable_heuristic’ will be initialized after [-Wreorder]
DEBUG   215 |   bool disable_heuristic; // if true, set eta=1 so sampling uses pheromone (+
DEBUG       |        ^~~~~~~~~~~~~~~~~
DEBUG mfaco_train.h:206:11: warning:   ‘int32_t mfaco::MFACO_TSP::fixed_steps’ [-Wreorder]
DEBUG   206 |   int32_t fixed_steps; // if > 0, fixed number of steps
DEBUG       |           ^~~~~~~~~~~
DEBUG mfaco_train.cpp:25:1: warning:   when initialized here [-Wreorder]
DEBUG    25 | MFACO_TSP::MFACO_TSP(const float *coords_ptr, int32_t n_, int32_t n_ants_,
DEBUG       | ^~~~~~~~~
DEBUG mfaco_train.cpp:50:3: error: ‘build_nn_lookup’ was not declared in this scope; did you mean ‘build_nn_lists’?
DEBUG    50 |   build_nn_lookup();
DEBUG       |   ^~~~~~~~~~~~~~~
DEBUG       |   build_nn_lists
DEBUG mfaco_train.cpp: In member function ‘void mfaco::MFACO_TSP::load_snapshot(const float*, const int32_t*, float, const int32_t*, float, float, float, const int32_t*, const int32_t*)’:
DEBUG mfaco_train.cpp:358:3: error: ‘build_nn_lookup’ was not declared in this scope; did you mean ‘build_nn_lists’?
DEBUG   358 |   build_nn_lookup();
DEBUG       |   ^~~~~~~~~~~~~~~
DEBUG       |   build_nn_lists
DEBUG mfaco_train.cpp: At global scope:
DEBUG mfaco_train.cpp:429:6: error: no declaration matches ‘void mfaco::MFACO_TSP::build_nn_lookup()’
DEBUG   429 | void MFACO_TSP::build_nn_lookup() {
DEBUG       |      ^~~~~~~~~
DEBUG mfaco_train.cpp:429:6: note: no functions named ‘void mfaco::MFACO_TSP::build_nn_lookup()’
DEBUG mfaco_train.h:198:7: note: ‘class mfaco::MFACO_TSP’ defined here
DEBUG   198 | class MFACO_TSP {
DEBUG       |       ^~~~~~~~~
DEBUG mfaco_train.cpp: In member function ‘void mfaco::MFACO_TSP::compute_probmat(const float*, std::vector<float>&)’:
DEBUG mfaco_train.cpp:552:11: warning: unused variable ‘mean_z’ [-Wunused-variable]
DEBUG   552 |     float mean_z = 0.0f;
DEBUG       |           ^~~~~~
DEBUG mfaco_train.cpp:553:11: warning: unused variable ‘var_z’ [-Wunused-variable]
DEBUG   553 |     float var_z = 0.0f;
DEBUG       |           ^~~~~
DEBUG mfaco_train.h: In constructor ‘mfaco::MFACO_CVRP::MFACO_CVRP(const float*, const float*, int32_t, float, int32_t, int32_t, int32_t, int32_t, float, float, float, bool, bool, bool, bool, int32_t, bool)’:
DEBUG mfaco_train.h:423:8: warning: ‘mfaco::MFACO_CVRP::disable_heuristic’ will be initialized after [-Wreorder]
DEBUG   423 |   bool disable_heuristic;
DEBUG       |        ^~~~~~~~~~~~~~~~~
DEBUG mfaco_train.h:421:8: warning:   ‘bool mfaco::MFACO_CVRP::extend_ls’ [-Wreorder]
DEBUG   421 |   bool extend_ls;
DEBUG       |        ^~~~~~~~~
DEBUG mfaco_train.cpp:1299:1: warning:   when initialized here [-Wreorder]
DEBUG  1299 | MFACO_CVRP::MFACO_CVRP(const float *coords_ptr, const float *demand_ptr,
DEBUG       | ^~~~~~~~~~
DEBUG mfaco_train.h:427:11: warning: ‘mfaco::MFACO_CVRP::capacity_int’ will be initialized after [-Wreorder]
DEBUG   427 |   int64_t capacity_int;
DEBUG       |           ^~~~~~~~~~~~
DEBUG mfaco_train.h:424:8: warning:   ‘bool mfaco::MFACO_CVRP::nls’ [-Wreorder]
DEBUG   424 |   bool nls;
DEBUG       |        ^~~
DEBUG mfaco_train.cpp:1299:1: warning:   when initialized here [-Wreorder]
DEBUG  1299 | MFACO_CVRP::MFACO_CVRP(const float *coords_ptr, const float *demand_ptr,
DEBUG       | ^~~~~~~~~~
DEBUG mfaco_train.cpp: In member function ‘float mfaco::MFACO_CVRP::split_cost_fast(const std::vector<int>&) const’:
DEBUG mfaco_train.cpp:1664:9: warning: unused variable ‘val_0’ [-Wunused-variable]
DEBUG  1664 |   float val_0 = d0_vec[0];
DEBUG       |         ^~~~~
DEBUG mfaco_train.cpp: In member function ‘void mfaco::MFACO_CVRP::compute_probmat(const float*, std::vector<float>&)’:
DEBUG mfaco_train.cpp:1771:11: warning: unused variable ‘mean_z’ [-Wunused-variable]
DEBUG  1771 |     float mean_z = 0.0f;
DEBUG       |           ^~~~~~
DEBUG mfaco_train.cpp:1772:11: warning: unused variable ‘var_z’ [-Wunused-variable]
DEBUG  1772 |     float var_z = 0.0f;
DEBUG       |           ^~~~~
DEBUG error: command '/usr/bin/c++' failed with exit code 1
DEBUG Released lock at `/tmp/uv-setuptools-cfd0083a2be35f49.lock`
DEBUG Released lock at `/home/shora/.cache/uv/sdists-v9/editable/0f17ca3b3d3a9945/.lock`
  × Failed to build `faco-opt @ file:///home/shora/Research/old/NGFACO/src`
  ├─▶ The build backend returned an error
  ╰─▶ Call to `setuptools.build_meta:__legacy__.build_editable` failed (exit status: 1)

      [stdout]
      running editable_wheel
      creating /home/shora/.cache/uv/builds-v0/.tmp0hzTlA/.tmp-11q2pxrn/faco_opt.egg-info
      writing /home/shora/.cache/uv/builds-v0/.tmp0hzTlA/.tmp-11q2pxrn/faco_opt.egg-info/PKG-INFO
      writing dependency_links to /home/shora/.cache/uv/builds-v0/.tmp0hzTlA/.tmp-11q2pxrn/faco_opt.egg-info/dependency_links.txt
      writing top-level names to /home/shora/.cache/uv/builds-v0/.tmp0hzTlA/.tmp-11q2pxrn/faco_opt.egg-info/top_level.txt
      writing manifest file '/home/shora/.cache/uv/builds-v0/.tmp0hzTlA/.tmp-11q2pxrn/faco_opt.egg-info/SOURCES.txt'
      reading manifest file '/home/shora/.cache/uv/builds-v0/.tmp0hzTlA/.tmp-11q2pxrn/faco_opt.egg-info/SOURCES.txt'
      writing manifest file '/home/shora/.cache/uv/builds-v0/.tmp0hzTlA/.tmp-11q2pxrn/faco_opt.egg-info/SOURCES.txt'
      creating '/home/shora/.cache/uv/builds-v0/.tmp0hzTlA/.tmp-11q2pxrn/faco_opt-1.0.0.dist-info'
      creating /home/shora/.cache/uv/builds-v0/.tmp0hzTlA/.tmp-11q2pxrn/faco_opt-1.0.0.dist-info/WHEEL
      running build_ext
      building 'faco_opt' extension
      c++ -pthread -fno-strict-overflow -Wsign-compare -Wunreachable-code -DNDEBUG -g -O3 -Wall -O3 -fPIC -fPIC
      -I/home/shora/Research/old/NGFACO/.venv/lib/python3.13/site-packages/pybind11/include -I. -I/home/shora/Research/old/NGFACO/.venv/include
      -I/home/shora/.local/share/uv/python/cpython-3.13.11-linux-x86_64-gnu/include/python3.13 -c binding.cpp -o /tmp/tmp38fr2uxw.build-temp/binding.o -O3 -std=c++17 -fopenmp
      c++ -pthread -fno-strict-overflow -Wsign-compare -Wunreachable-code -DNDEBUG -g -O3 -Wall -O3 -fPIC -fPIC
      -I/home/shora/Research/old/NGFACO/.venv/lib/python3.13/site-packages/pybind11/include -I. -I/home/shora/Research/old/NGFACO/.venv/include
      -I/home/shora/.local/share/uv/python/cpython-3.13.11-linux-x86_64-gnu/include/python3.13 -c mfaco_train.cpp -o /tmp/tmp38fr2uxw.build-temp/mfaco_train.o -O3 -std=c++17 -fopenmp

      [stderr]
      In file included from mfaco_train.cpp:5:
      mfaco_train.h: In constructor ‘mfaco::MFACO_TSP::MFACO_TSP(const float*, int32_t, int32_t, int32_t, int32_t, int32_t, float, float, float, bool, bool, bool, bool, int32_t, bool)’:
      mfaco_train.h:215:8: warning: ‘mfaco::MFACO_TSP::disable_heuristic’ will be initialized after [-Wreorder]
        215 |   bool disable_heuristic; // if true, set eta=1 so sampling uses pheromone (+
            |        ^~~~~~~~~~~~~~~~~
      mfaco_train.h:206:11: warning:   ‘int32_t mfaco::MFACO_TSP::fixed_steps’ [-Wreorder]
        206 |   int32_t fixed_steps; // if > 0, fixed number of steps
            |           ^~~~~~~~~~~
      mfaco_train.cpp:25:1: warning:   when initialized here [-Wreorder]
         25 | MFACO_TSP::MFACO_TSP(const float *coords_ptr, int32_t n_, int32_t n_ants_,
            | ^~~~~~~~~
      mfaco_train.cpp:50:3: error: ‘build_nn_lookup’ was not declared in this scope; did you mean ‘build_nn_lists’?
         50 |   build_nn_lookup();
            |   ^~~~~~~~~~~~~~~
            |   build_nn_lists
      mfaco_train.cpp: In member function ‘void mfaco::MFACO_TSP::load_snapshot(const float*, const int32_t*, float, const int32_t*, float, float, float, const int32_t*, const
      int32_t*)’:
      mfaco_train.cpp:358:3: error: ‘build_nn_lookup’ was not declared in this scope; did you mean ‘build_nn_lists’?
        358 |   build_nn_lookup();
            |   ^~~~~~~~~~~~~~~
            |   build_nn_lists
      mfaco_train.cpp: At global scope:
      mfaco_train.cpp:429:6: error: no declaration matches ‘void mfaco::MFACO_TSP::build_nn_lookup()’
        429 | void MFACO_TSP::build_nn_lookup() {
            |      ^~~~~~~~~
      mfaco_train.cpp:429:6: note: no functions named ‘void mfaco::MFACO_TSP::build_nn_lookup()’
      mfaco_train.h:198:7: note: ‘class mfaco::MFACO_TSP’ defined here
        198 | class MFACO_TSP {
            |       ^~~~~~~~~
      mfaco_train.cpp: In member function ‘void mfaco::MFACO_TSP::compute_probmat(const float*, std::vector<float>&)’:
      mfaco_train.cpp:552:11: warning: unused variable ‘mean_z’ [-Wunused-variable]
        552 |     float mean_z = 0.0f;
            |           ^~~~~~
      mfaco_train.cpp:553:11: warning: unused variable ‘var_z’ [-Wunused-variable]
        553 |     float var_z = 0.0f;
            |           ^~~~~
      mfaco_train.h: In constructor ‘mfaco::MFACO_CVRP::MFACO_CVRP(const float*, const float*, int32_t, float, int32_t, int32_t, int32_t, int32_t, float, float, float, bool, bool, bool,
      bool, int32_t, bool)’:
      mfaco_train.h:423:8: warning: ‘mfaco::MFACO_CVRP::disable_heuristic’ will be initialized after [-Wreorder]
        423 |   bool disable_heuristic;
            |        ^~~~~~~~~~~~~~~~~
      mfaco_train.h:421:8: warning:   ‘bool mfaco::MFACO_CVRP::extend_ls’ [-Wreorder]
        421 |   bool extend_ls;
            |        ^~~~~~~~~
      mfaco_train.cpp:1299:1: warning:   when initialized here [-Wreorder]
       1299 | MFACO_CVRP::MFACO_CVRP(const float *coords_ptr, const float *demand_ptr,
            | ^~~~~~~~~~
      mfaco_train.h:427:11: warning: ‘mfaco::MFACO_CVRP::capacity_int’ will be initialized after [-Wreorder]
        427 |   int64_t capacity_int;
            |           ^~~~~~~~~~~~
      mfaco_train.h:424:8: warning:   ‘bool mfaco::MFACO_CVRP::nls’ [-Wreorder]
        424 |   bool nls;
            |        ^~~
      mfaco_train.cpp:1299:1: warning:   when initialized here [-Wreorder]
       1299 | MFACO_CVRP::MFACO_CVRP(const float *coords_ptr, const float *demand_ptr,
            | ^~~~~~~~~~
      mfaco_train.cpp: In member function ‘float mfaco::MFACO_CVRP::split_cost_fast(const std::vector<int>&) const’:
      mfaco_train.cpp:1664:9: warning: unused variable ‘val_0’ [-Wunused-variable]
       1664 |   float val_0 = d0_vec[0];
            |         ^~~~~
      mfaco_train.cpp: In member function ‘void mfaco::MFACO_CVRP::compute_probmat(const float*, std::vector<float>&)’:
      mfaco_train.cpp:1771:11: warning: unused variable ‘mean_z’ [-Wunused-variable]
       1771 |     float mean_z = 0.0f;
            |           ^~~~~~
      mfaco_train.cpp:1772:11: warning: unused variable ‘var_z’ [-Wunused-variable]
       1772 |     float var_z = 0.0f;
            |           ^~~~~
      error: command '/usr/bin/c++' failed with exit code 1

      hint: This usually indicates a problem with the package or the build environment.
DEBUG Released lock at `/home/shora/Research/old/NGFACO/.venv/.lock`
DEBUG Released lock at `/home/shora/.cache/uv/.lock`
